<html>
  <head>
  <script type="x-tmpl-mustache">function test(){var r="lorem ipsum";return r}</script>
  </head>
  <body>
  </body>
</html>
